
> task-management-api@1.0.0 test
> cross-env NODE_ENV=test jest --runInBand --detectOpenHandles

node.exe : (node:174064) [DEP0170] 
DeprecationWarning: The URL sqlite::memory: is 
invalid. Future versions of Node.js will throw an 
error.
At line:1 char:1
+ & "C:\Program Files\nodejs/node.exe" 
"C:\Program Files\nodejs/node_mo ...
+ ~~~~~~~~~~~~~~~~~~~~~~~~~~~~~~~~~~~~~~~~~~~~~~~~
~~~~~~~~~~~~~~~~~~~~~
    + CategoryInfo          : NotSpecified: ((nod 
   e:174064) [...throw an error.:String) [], Rem  
  oteException
    + FullyQualifiedErrorId : NativeCommandError
 
(Use `node --trace-deprecation ...` to show where 
the warning was created)
(node:174064) [DEP0169] DeprecationWarning: 
`url.parse()` behavior is not standardized and 
prone to errors that have security implications. 
Use the WHATWG URL API instead. CVEs are not 
issued for `url.parse()` vulnerabilities.
  console.error
    G¥î Error: Error: secretOrPrivateKey must have a value
        at Object.module.exports [as sign] (C:\Users\Sanrach\OneDrive\Desktop\Code\Java\Task Management\node_modules\jsonwebtoken\sign.js:111:20)
        at sign (C:\Users\Sanrach\OneDrive\Desktop\Code\Java\Task Management\src\controllers\auth.controller.js:50:27)

    [0m [90m 4 |[39m [90m */[39m
     [90m 5 |[39m [36mconst[39m errorHandler [33m=[39m (err[33m,[39m req[33m,[39m res[33m,[39m _next) [33m=>[39m {
    [31m[1m>[22m[39m[90m 6 |[39m     console[33m.[39merror([32m'G¥î Error:'[39m[33m,[39m err)[33m;[39m
     [90m   |[39m             [31m[1m^[22m[39m
     [90m 7 |[39m
     [90m 8 |[39m     [90m// Sequelize validation errors[39m
     [90m 9 |[39m     [36mif[39m (err[33m.[39mname [33m===[39m [32m'SequelizeValidationError'[39m [33m||[39m err[33m.[39mname [33m===[39m [32m'SequelizeUniqueConstraintError'[39m) {[0m

      at error (src/middleware/errorHandler.js:6:13)
      at Layer.handle_error (node_modules/express/lib/router/layer.js:71:5)
      at trim_prefix (node_modules/express/lib/router/index.js:326:13)
      at node_modules/express/lib/router/index.js:286:9
      at router.process_params (node_modules/express/lib/router/index.js:346:12)
      at next (node_modules/express/lib/router/index.js:280:10)
      at Layer.handle_error (node_modules/express/lib/router/layer.js:67:12)
      at trim_prefix (node_modules/express/lib/router/index.js:326:13)
      at node_modules/express/lib/router/index.js:286:9
      at router.process_params (node_modules/express/lib/router/index.js:346:12)
      at next (node_modules/express/lib/router/index.js:280:10)
      at node_modules/express/lib/router/index.js:646:15
      at next (node_modules/express/lib/router/index.js:265:14)
      at next (node_modules/express/lib/router/route.js:141:14)
      at next (src/controllers/auth.controller.js:62:9)

  console.error
    G¥î Error: Error: secretOrPrivateKey must have a value
        at Object.module.exports [as sign] (C:\Users\Sanrach\OneDrive\Desktop\Code\Java\Task Management\node_modules\jsonwebtoken\sign.js:111:20)
        at sign (C:\Users\Sanrach\OneDrive\Desktop\Code\Java\Task Management\src\controllers\auth.controller.js:50:27)

    [0m [90m 4 |[39m [90m */[39m
     [90m 5 |[39m [36mconst[39m errorHandler [33m=[39m (err[33m,[39m req[33m,[39m res[33m,[39m _next) [33m=>[39m {
    [31m[1m>[22m[39m[90m 6 |[39m     console[33m.[39merror([32m'G¥î Error:'[39m[33m,[39m err)[33m;[39m
     [90m   |[39m             [31m[1m^[22m[39m
     [90m 7 |[39m
     [90m 8 |[39m     [90m// Sequelize validation errors[39m
     [90m 9 |[39m     [36mif[39m (err[33m.[39mname [33m===[39m [32m'SequelizeValidationError'[39m [33m||[39m err[33m.[39mname [33m===[39m [32m'SequelizeUniqueConstraintError'[39m) {[0m

      at error (src/middleware/errorHandler.js:6:13)
      at Layer.handle_error (node_modules/express/lib/router/layer.js:71:5)
      at trim_prefix (node_modules/express/lib/router/index.js:326:13)
      at node_modules/express/lib/router/index.js:286:9
      at router.process_params (node_modules/express/lib/router/index.js:346:12)
      at next (node_modules/express/lib/router/index.js:280:10)
      at Layer.handle_error (node_modules/express/lib/router/layer.js:67:12)
      at trim_prefix (node_modules/express/lib/router/index.js:326:13)
      at node_modules/express/lib/router/index.js:286:9
      at router.process_params (node_modules/express/lib/router/index.js:346:12)
      at next (node_modules/express/lib/router/index.js:280:10)
      at node_modules/express/lib/router/index.js:646:15
      at next (node_modules/express/lib/router/index.js:265:14)
      at next (node_modules/express/lib/router/route.js:141:14)
      at next (src/controllers/auth.controller.js:62:9)

FAIL tests/auth.test.js (6.194 s)
  Auth API Endpoints
    GêÜ should register a new user (578 ms)
    GêÜ should not register user with duplicate 
email (493 ms)
    +ù should login an existing user (976 ms)
    +ù should get profile with valid token (942 
ms)

  GùÅ Auth API Endpoints GÇ¦ should login an 
existing user

    expect(received).toEqual(expected) // deep 
equality

    Expected: 200
    Received: 500

    [0m [90m 43 |[39m             
[33m.[39msend(testUser)[33m;[39m
     [90m 44 |[39m
    [31m[1m>[22m[39m[90m 45 |[39m         ex
pect(res[33m.[39mstatusCode)[33m.[39mtoEqual(
[35m200[39m)[33m;[39m
     [90m    |[39m                              
  [31m[1m^[22m[39m
     [90m 46 |[39m         expect(res[33m.[39m
body[33m.[39msuccess)[33m.[39mtoBeTruthy()[33
m;[39m
     [90m 47 |[39m         expect(res[33m.[39m
body[33m.[39mdata)[33m.[39mtoHaveProperty([32
m'token'[39m)[33m;[39m
     [90m 48 |[39m     })[33m;[39m[0m

      at Object.toEqual (tests/auth.test.js:45:32)

  GùÅ Auth API Endpoints GÇ¦ should get profile 
with valid token

    TypeError: Cannot read properties of 
undefined (reading 'token')

    [0m [90m 52 |[39m         [36mawait[39m r
equest(app)[33m.[39mpost([32m'/api/auth/registe
r'[39m)[33m.[39msend(testUser)[33m;[39m
     [90m 53 |[39m         [36mconst[39m 
loginRes [33m=[39m [36mawait[39m request(app)
[33m.[39mpost([32m'/api/auth/login'[39m)[33m.
[39msend(testUser)[33m;[39m
    [31m[1m>[22m[39m[90m 54 |[39m         
[36mconst[39m validToken [33m=[39m loginRes[3
3m.[39mbody[33m.[39mdata[33m.[39mtoken[33m;
[39m
     [90m    |[39m                              
                 [31m[1m^[22m[39m
     [90m 55 |[39m
     [90m 56 |[39m         [36mconst[39m res 
[33m=[39m [36mawait[39m request(app)
     [90m 57 |[39m             [33m.[39m[36mg
et[39m([32m'/api/auth/profile'[39m)[0m

      at Object.token (tests/auth.test.js:54:47)

Test Suites: 1 failed, 1 total
Tests:       2 failed, 2 passed, 4 total
Snapshots:   0 total
Time:        6.289 s, estimated 8 s
Ran all test suites.

